// Jest Snapshot v1, https://goo.gl/fbAQLP

exports[`should render expense list item 1`] = `
<div>
  <NavLink
    activeClassName="is-active"
    to="/edit/0"
  >
    Gum
  </NavLink>
  <p>
    $1.95
  </p>
  <p>
    December 31st, 1969
  </p>
</div>
`;
